[raizafrancoa.wixsite.com/diversespanish.html]
[static.parastorage.com/services/wix-thunderbolt/dist/webpack-runtime.2d16b2f1.bundle.min.js]
[static.parastorage.com/unpkg/core-js-bundle@3.2.1/minified.js]
[static.parastorage.com/unpkg/focus-within-polyfill@5.0.9/dist/focus-within-polyfill.js]
[raizafrancoa.wixsite.com/i.4.delayed]
[raizafrancoa.wixsite.com/t.5.delayed]
[backblue.gif]
[fade.gif]
[index.html]
[raizafrancoa.wixsite.com/index.html]
[raizafrancoa.wixsite.com/diversespanish/es.html]
[raizafrancoa.wixsite.com/diversespanish/acerca-de.html]
[raizafrancoa.wixsite.com/diversespanish/reserva-una-clase.html]
[raizafrancoa.wixsite.com/diversespanish/coming-soon-03.html]
[raizafrancoa.wixsite.com/diversespanish/terms-and-conditions.html]
[static.wixstatic.com/media/9f1015_6e7e0604251f4696ba6848fbeebb9007_mv2.png/v1/fill/w_646,h_410,al_c,lg_1,q_85,enc_avif,quality_auto/Diverse Spanish logo final.png]
[browser.sentry-cdn.com/7.120.3/modulemetadata.es5.min.js]
[browser.sentry-cdn.com/7.120.3/bundle.tracing.es5.min.js]
[raizafrancoa.wixsite.com/api/index.html]
[raizafrancoa.wixsite.com/envelope/index.html]
[raizafrancoa.wixsite.com/sitemap.e.delayed]
[raizafrancoa.wixsite.com/feed.f.delayed]
[static.parastorage.com/services/wix-thunderbolt/dist/thunderbolt-commons.ef6158d5.bundle.min.js]
[static.parastorage.com/services/wix-thunderbolt/dist/main.f3eaf4a1.bundle.min.js]
[static.parastorage.com/services/wix-thunderbolt/dist/main.renderer.a20626f8.bundle.min.js]
[static.parastorage.com/unpkg/lodash@4.17.21/lodash.min.js]
[static.parastorage.com/unpkg/react@18.3.1/umd/react.production.min.js]
[static.parastorage.com/unpkg/react-dom@18.3.1/umd/react-dom.production.min.js]
[static.parastorage.com/services/wix-thunderbolt/dist/browser-deprecation.bundle.es5.js]
[raizafrancoa.wixsite.com/decodeURIComponent(e.17.delayed]
[static.parastorage.com/services/tag-manager-client/1.920.0/siteTags.bundle.min.js]
[raizafrancoa.wixsite.com/diversespanish.html]
[raizafrancoa.wixsite.com/i.html]
[raizafrancoa.wixsite.com/t.html]
[raizafrancoa.wixsite.com/index.html]
[raizafrancoa.wixsite.com/diversespanish/i.19.delayed]
[raizafrancoa.wixsite.com/diversespanish/t.1a.delayed]
[raizafrancoa.wixsite.com/diversespanish/es/acerca-de.html]
[raizafrancoa.wixsite.com/diversespanish/es/reserva-una-clase.html]
[raizafrancoa.wixsite.com/diversespanish/es/coming-soon-03.html]
[raizafrancoa.wixsite.com/diversespanish/es/terms-and-conditions.html]
[raizafrancoa.wixsite.com/diversespanish/robots.1f.delayed]
[raizafrancoa.wixsite.com/diversespanish/index.html]
[raizafrancoa.wixsite.com/diversespanish/sitemap.xml]
[raizafrancoa.wixsite.com/diversespanish/feed.21.delayed]
[raizafrancoa.wixsite.com/diversespanish/decodeURIComponent(e.22.delayed]
[raizafrancoa.wixsite.com/diversespanish/es.html]
[static.wixstatic.com/media/9f1015_6e7e0604251f4696ba6848fbeebb9007_mv2.png/v1/crop/x_35,y_0,w_553,h_404/fill/w_653,h_477,al_c,lg_1,q_85,enc_avif,quality_auto/Diverse Spanish logo final.png]
[raizafrancoa.wixsite.com/diversespanish/acerca-de.html]
[static.wixstatic.com/media/9f1015_3e75ac635bf14fe6a5e00e228cb0fbf0_mv2.png/v1/fill/w_50,h_28,al_c,q_85,usm_0.66_1.00_0.01,blur_3,enc_auto/9f1015_3e75ac635bf14fe6a5e00e228cb0fbf0_mv2.png]
[static.wixstatic.com/media/11062b_e4a2bf5e9ad4433697076036c924b831_mv2.jpg/v1/fit/w_50,h_50,q_80,usm_0.66_1.00_0.01,blur_3,enc_auto/11062b_e4a2bf5e9ad4433697076036c924b831_mv2.jpg]
[raizafrancoa.wixsite.com/diversespanish/service-page/trial-discover-your-best-way-to-learn.html]
[raizafrancoa.wixsite.com/diversespanish/service-page/conversation-practice-1.html]
[static.wixstatic.com/media/11062b_4bad9ff2e10e40ddb81899d950a3fdbd_mv2.jpg/v1/fill/w_50,h_33,al_c,q_80,usm_0.66_1.00_0.01,blur_3,enc_auto/11062b_4bad9ff2e10e40ddb81899d950a3fdbd_mv2.jpg]
[static.wixstatic.com/media/11062b_025875b5e6874edea6a61c75ce2ebcad_mv2.jpg/v1/fill/w_50,h_33,al_c,q_80,usm_0.66_1.00_0.01,blur_3,enc_auto/11062b_025875b5e6874edea6a61c75ce2ebcad_mv2.jpg]
[raizafrancoa.wixsite.com/diversespanish/service-page/spanish-at-your-pace.html]
[raizafrancoa.wixsite.com/diversespanish/service-page/spanish-for-your-profession.html]
[static.wixstatic.com/media/9f1015_914fd79c9b5e4d3a9cc5972915cad5cd_mv2.jpeg/v1/fill/w_50,h_50,al_c,q_80,usm_0.66_1.00_0.01,blur_3,enc_auto/9f1015_914fd79c9b5e4d3a9cc5972915cad5cd_mv2.jpg]
[raizafrancoa.wixsite.com/diversespanish/reserva-una-clase.html]
[static.parastorage.com/services/bookings-service-list-widget/1.1573.0/BookOnlineViewerWidgetNoCss.bundle.min.js]
[raizafrancoa.wixsite.com/diversespanish/coming-soon-03.html]
[raizafrancoa.wixsite.com/diversespanish/terms-and-conditions.html]
[raizafrancoa.wixsite.com/api/index.html]
[raizafrancoa.wixsite.com/envelope/index.html]
[raizafrancoa.wixsite.com/sitemap.html]
[raizafrancoa.wixsite.com/feed.html]
[raizafrancoa.wixsite.com/decodeURIComponent(e.html]
[raizafrancoa.wixsite.com/diversespanish/i.html]
[raizafrancoa.wixsite.com/diversespanish/t.html]
[raizafrancoa.wixsite.com/diversespanish/service-page/fully-customized-spanish.html]
[raizafrancoa.wixsite.com/diversespanish/es/i.2f.delayed]
[raizafrancoa.wixsite.com/diversespanish/es/t.30.delayed]
[raizafrancoa.wixsite.com/diversespanish/es/robots.31.delayed]
[raizafrancoa.wixsite.com/diversespanish/es/sitemap.32.delayed]
[raizafrancoa.wixsite.com/diversespanish/es/feed.33.delayed]
[raizafrancoa.wixsite.com/diversespanish/es/decodeURIComponent(e.34.delayed]
[raizafrancoa.wixsite.com/diversespanish/es/acerca-de.html]
[raizafrancoa.wixsite.com/diversespanish/es/reserva-una-clase.html]
[raizafrancoa.wixsite.com/diversespanish/es/coming-soon-03.html]
[raizafrancoa.wixsite.com/diversespanish/es/terms-and-conditions.html]
[raizafrancoa.wixsite.com/diversespanish/index.html]
[raizafrancoa.wixsite.com/diversespanish/robots.html]
[raizafrancoa.wixsite.com/diversespanish/feed.html]
[raizafrancoa.wixsite.com/diversespanish/decodeURIComponent(e.html]
[raizafrancoa.wixsite.com/diversespanish/service-page/i.35.delayed]
[raizafrancoa.wixsite.com/diversespanish/service-page/t.36.delayed]
[raizafrancoa.wixsite.com/diversespanish/es/service-page/trial-discover-your-best-way-to-learn.html]
[raizafrancoa.wixsite.com/diversespanish/service-page/robots.38.delayed]
[raizafrancoa.wixsite.com/diversespanish/service-page/sitemap.39.delayed]
[raizafrancoa.wixsite.com/diversespanish/service-page/feed.3a.delayed]
[static.parastorage.com/services/bookings-service-details-widget/1.2879.0/BookingServicePageViewerWidgetNoCss.bundle.min.js]
[raizafrancoa.wixsite.com/diversespanish/service-page/decodeURIComponent(e.3c.delayed]
[raizafrancoa.wixsite.com/diversespanish/service-page/trial-discover-your-best-way-to-learn.html]
[raizafrancoa.wixsite.com/diversespanish/service-page/conversation-practice-1.html]
[raizafrancoa.wixsite.com/diversespanish/es/service-page/conversation-practice-1.html]
[raizafrancoa.wixsite.com/diversespanish/service-page/spanish-at-your-pace.html]
[raizafrancoa.wixsite.com/diversespanish/es/service-page/spanish-at-your-pace.html]
[raizafrancoa.wixsite.com/diversespanish/service-page/spanish-for-your-profession.html]
[raizafrancoa.wixsite.com/diversespanish/es/service-page/spanish-for-your-profession.html]
[raizafrancoa.wixsite.com/diversespanish/service-page/fully-customized-spanish.html]
[raizafrancoa.wixsite.com/diversespanish/es/i.html]
[raizafrancoa.wixsite.com/diversespanish/es/t.html]
[raizafrancoa.wixsite.com/diversespanish/es/robots.html]
[raizafrancoa.wixsite.com/diversespanish/es/sitemap.html]
[raizafrancoa.wixsite.com/diversespanish/es/feed.html]
[raizafrancoa.wixsite.com/diversespanish/es/decodeURIComponent(e.html]
[raizafrancoa.wixsite.com/diversespanish/service-page/i.html]
[raizafrancoa.wixsite.com/diversespanish/service-page/t.html]
[raizafrancoa.wixsite.com/diversespanish/es/service-page/fully-customized-spanish.html]
[raizafrancoa.wixsite.com/diversespanish/es/service-page/i.41.delayed]
[raizafrancoa.wixsite.com/diversespanish/es/service-page/t.42.delayed]
[raizafrancoa.wixsite.com/diversespanish/es/service-page/robots.43.delayed]
[raizafrancoa.wixsite.com/diversespanish/es/service-page/sitemap.44.delayed]
[raizafrancoa.wixsite.com/diversespanish/es/service-page/feed.45.delayed]
[raizafrancoa.wixsite.com/diversespanish/es/service-page/decodeURIComponent(e.46.delayed]
[raizafrancoa.wixsite.com/diversespanish/es/service-page/trial-discover-your-best-way-to-learn.html]
[raizafrancoa.wixsite.com/diversespanish/service-page/robots.html]
[raizafrancoa.wixsite.com/diversespanish/service-page/sitemap.html]
[raizafrancoa.wixsite.com/diversespanish/service-page/feed.html]
[raizafrancoa.wixsite.com/diversespanish/service-page/decodeURIComponent(e.html]
[raizafrancoa.wixsite.com/diversespanish/es/service-page/conversation-practice-1.html]
[raizafrancoa.wixsite.com/diversespanish/es/service-page/spanish-at-your-pace.html]
[raizafrancoa.wixsite.com/diversespanish/es/service-page/spanish-for-your-profession.html]
[raizafrancoa.wixsite.com/diversespanish/es/service-page/fully-customized-spanish.html]
[raizafrancoa.wixsite.com/diversespanish/es/service-page/i.html]
[raizafrancoa.wixsite.com/diversespanish/es/service-page/t.html]
[raizafrancoa.wixsite.com/diversespanish/es/service-page/robots.html]
[raizafrancoa.wixsite.com/diversespanish/es/service-page/sitemap.html]
[raizafrancoa.wixsite.com/diversespanish/es/service-page/feed.html]
[raizafrancoa.wixsite.com/diversespanish/es/service-page/decodeURIComponent(e.html]
